Archive member included to satisfy reference by file (symbol)

/usr/lib/gcc/arm-none-eabi/4.8/../../../arm-none-eabi/lib/armv7e-m/fpu/libg.a(lib_a-atexit.o)
                              /usr/lib/gcc/arm-none-eabi/4.8/../../../arm-none-eabi/lib/armv7e-m/fpu/crt0.o (atexit)
/usr/lib/gcc/arm-none-eabi/4.8/../../../arm-none-eabi/lib/armv7e-m/fpu/libg.a(lib_a-errno.o)
                              objdir/stm32f3_sysmem.o (__errno)
/usr/lib/gcc/arm-none-eabi/4.8/../../../arm-none-eabi/lib/armv7e-m/fpu/libg.a(lib_a-exit.o)
                              /usr/lib/gcc/arm-none-eabi/4.8/../../../arm-none-eabi/lib/armv7e-m/fpu/crt0.o (exit)
/usr/lib/gcc/arm-none-eabi/4.8/../../../arm-none-eabi/lib/armv7e-m/fpu/libg.a(lib_a-fini.o)
                              /usr/lib/gcc/arm-none-eabi/4.8/../../../arm-none-eabi/lib/armv7e-m/fpu/crt0.o (__libc_fini_array)
/usr/lib/gcc/arm-none-eabi/4.8/../../../arm-none-eabi/lib/armv7e-m/fpu/libg.a(lib_a-impure.o)
                              /usr/lib/gcc/arm-none-eabi/4.8/../../../arm-none-eabi/lib/armv7e-m/fpu/libg.a(lib_a-exit.o) (_global_impure_ptr)
/usr/lib/gcc/arm-none-eabi/4.8/../../../arm-none-eabi/lib/armv7e-m/fpu/libg.a(lib_a-init.o)
                              /usr/lib/gcc/arm-none-eabi/4.8/../../../arm-none-eabi/lib/armv7e-m/fpu/crt0.o (__libc_init_array)
/usr/lib/gcc/arm-none-eabi/4.8/../../../arm-none-eabi/lib/armv7e-m/fpu/libg.a(lib_a-memset.o)
                              /usr/lib/gcc/arm-none-eabi/4.8/../../../arm-none-eabi/lib/armv7e-m/fpu/crt0.o (memset)
/usr/lib/gcc/arm-none-eabi/4.8/../../../arm-none-eabi/lib/armv7e-m/fpu/libg.a(lib_a-__atexit.o)
                              /usr/lib/gcc/arm-none-eabi/4.8/../../../arm-none-eabi/lib/armv7e-m/fpu/libg.a(lib_a-atexit.o) (__register_exitproc)
/usr/lib/gcc/arm-none-eabi/4.8/../../../arm-none-eabi/lib/armv7e-m/fpu/libg.a(lib_a-__call_atexit.o)
                              /usr/lib/gcc/arm-none-eabi/4.8/../../../arm-none-eabi/lib/armv7e-m/fpu/libg.a(lib_a-exit.o) (__call_exitprocs)

Allocating common symbols
Common symbol       size              file

UartHandle          0x70              objdir/stm32f3_hal.o

Discarded input sections

 .text          0x00000000        0x0 /usr/lib/gcc/arm-none-eabi/4.8/armv7e-m/fpu/crti.o
 .data          0x00000000        0x0 /usr/lib/gcc/arm-none-eabi/4.8/armv7e-m/fpu/crti.o
 .bss           0x00000000        0x0 /usr/lib/gcc/arm-none-eabi/4.8/armv7e-m/fpu/crti.o
 .data          0x00000000        0x4 /usr/lib/gcc/arm-none-eabi/4.8/armv7e-m/fpu/crtbegin.o
 .text          0x00000000       0x68 /usr/lib/gcc/arm-none-eabi/4.8/../../../arm-none-eabi/lib/armv7e-m/fpu/crt0.o
 .data          0x00000000        0x0 /usr/lib/gcc/arm-none-eabi/4.8/../../../arm-none-eabi/lib/armv7e-m/fpu/crt0.o
 .bss           0x00000000        0x0 /usr/lib/gcc/arm-none-eabi/4.8/../../../arm-none-eabi/lib/armv7e-m/fpu/crt0.o
 .ARM.extab     0x00000000        0x0 /usr/lib/gcc/arm-none-eabi/4.8/../../../arm-none-eabi/lib/armv7e-m/fpu/crt0.o
 .ARM.exidx     0x00000000        0x8 /usr/lib/gcc/arm-none-eabi/4.8/../../../arm-none-eabi/lib/armv7e-m/fpu/crt0.o
 .ARM.attributes
                0x00000000       0x20 /usr/lib/gcc/arm-none-eabi/4.8/../../../arm-none-eabi/lib/armv7e-m/fpu/crt0.o
 .debug_line    0x00000000       0x7e /usr/lib/gcc/arm-none-eabi/4.8/../../../arm-none-eabi/lib/armv7e-m/fpu/crt0.o
 .debug_info    0x00000000       0xac /usr/lib/gcc/arm-none-eabi/4.8/../../../arm-none-eabi/lib/armv7e-m/fpu/crt0.o
 .debug_abbrev  0x00000000       0x14 /usr/lib/gcc/arm-none-eabi/4.8/../../../arm-none-eabi/lib/armv7e-m/fpu/crt0.o
 .debug_aranges
                0x00000000       0x20 /usr/lib/gcc/arm-none-eabi/4.8/../../../arm-none-eabi/lib/armv7e-m/fpu/crt0.o
 .text          0x00000000        0x0 objdir/stm32_simple.o
 .data          0x00000000        0x0 objdir/stm32_simple.o
 .bss           0x00000000        0x1 objdir/stm32_simple.o
 .text          0x00000000        0x0 objdir/stm32f3_hal.o
 .data          0x00000000        0x0 objdir/stm32f3_hal.o
 .bss           0x00000000        0x0 objdir/stm32f3_hal.o
 .text.platform_init
                0x00000000       0x34 objdir/stm32f3_hal.o
 .text.init_uart
                0x00000000       0x78 objdir/stm32f3_hal.o
 .text.trigger_setup
                0x00000000       0x48 objdir/stm32f3_hal.o
 .text.trigger_high
                0x00000000        0xe objdir/stm32f3_hal.o
 .text.trigger_low
                0x00000000        0xe objdir/stm32f3_hal.o
 .text.getch    0x00000000       0x20 objdir/stm32f3_hal.o
 .text.putch    0x00000000       0x20 objdir/stm32f3_hal.o
 .debug_info    0x00000000      0xd8c objdir/stm32f3_hal.o
 .debug_abbrev  0x00000000      0x232 objdir/stm32f3_hal.o
 .debug_loc     0x00000000       0xf2 objdir/stm32f3_hal.o
 .debug_aranges
                0x00000000       0x50 objdir/stm32f3_hal.o
 .debug_ranges  0x00000000       0x80 objdir/stm32f3_hal.o
 .debug_line    0x00000000      0x21b objdir/stm32f3_hal.o
 .debug_str     0x00000000      0x951 objdir/stm32f3_hal.o
 .comment       0x00000000       0x21 objdir/stm32f3_hal.o
 .ARM.attributes
                0x00000000       0x39 objdir/stm32f3_hal.o
 .debug_frame   0x00000000       0xc8 objdir/stm32f3_hal.o
 COMMON         0x00000000       0x70 objdir/stm32f3_hal.o
 .text          0x00000000        0x0 objdir/stm32f3_hal_lowlevel.o
 .data          0x00000000        0x0 objdir/stm32f3_hal_lowlevel.o
 .text.HAL_RCC_GetSysClockFreq
                0x00000000        0x6 objdir/stm32f3_hal_lowlevel.o
 .text.HAL_RCC_GetPCLK1Freq
                0x00000000        0x6 objdir/stm32f3_hal_lowlevel.o
 .text.HAL_RCC_GetPCLK2Freq
                0x00000000        0x6 objdir/stm32f3_hal_lowlevel.o
 .text.HAL_GPIO_TogglePin
                0x00000000        0x8 objdir/stm32f3_hal_lowlevel.o
 .text.UART_SetConfig
                0x00000000      0x130 objdir/stm32f3_hal_lowlevel.o
 .text.UART_WaitOnFlagUntilTimeout
                0x00000000       0x60 objdir/stm32f3_hal_lowlevel.o
 .text.UART_CheckIdleState
                0x00000000       0x68 objdir/stm32f3_hal_lowlevel.o
 .text.HAL_UART_Init
                0x00000000       0x56 objdir/stm32f3_hal_lowlevel.o
 .text.HAL_UART_Transmit
                0x00000000       0xb4 objdir/stm32f3_hal_lowlevel.o
 .text.HAL_UART_Receive
                0x00000000       0xdc objdir/stm32f3_hal_lowlevel.o
 .rodata        0x00000000        0x4 objdir/stm32f3_hal_lowlevel.o
 .text          0x00000000        0x0 objdir/stm32f3_sysmem.o
 .data          0x00000000        0x0 objdir/stm32f3_sysmem.o
 .bss           0x00000000        0x4 objdir/stm32f3_sysmem.o
 .text._sbrk    0x00000000       0x34 objdir/stm32f3_sysmem.o
 .debug_info    0x00000000      0x12a objdir/stm32f3_sysmem.o
 .debug_abbrev  0x00000000       0xce objdir/stm32f3_sysmem.o
 .debug_loc     0x00000000       0x6e objdir/stm32f3_sysmem.o
 .debug_aranges
                0x00000000       0x20 objdir/stm32f3_sysmem.o
 .debug_ranges  0x00000000       0x10 objdir/stm32f3_sysmem.o
 .debug_line    0x00000000       0x88 objdir/stm32f3_sysmem.o
 .debug_str     0x00000000      0x1d1 objdir/stm32f3_sysmem.o
 .comment       0x00000000       0x21 objdir/stm32f3_sysmem.o
 .ARM.attributes
                0x00000000       0x39 objdir/stm32f3_sysmem.o
 .debug_frame   0x00000000       0x2c objdir/stm32f3_sysmem.o
 .text          0x00000000        0x0 objdir/stm32f3xx_hal_pwr.o
 .data          0x00000000        0x0 objdir/stm32f3xx_hal_pwr.o
 .bss           0x00000000        0x0 objdir/stm32f3xx_hal_pwr.o
 .text.HAL_PWR_DeInit
                0x00000000       0x18 objdir/stm32f3xx_hal_pwr.o
 .text.HAL_PWR_DisableBkUpAccess
                0x00000000       0x10 objdir/stm32f3xx_hal_pwr.o
 .text.HAL_PWR_EnableWakeUpPin
                0x00000000       0x10 objdir/stm32f3xx_hal_pwr.o
 .text.HAL_PWR_DisableWakeUpPin
                0x00000000       0x10 objdir/stm32f3xx_hal_pwr.o
 .text.HAL_PWR_EnterSLEEPMode
                0x00000000       0x20 objdir/stm32f3xx_hal_pwr.o
 .text.HAL_PWR_EnterSTOPMode
                0x00000000       0x38 objdir/stm32f3xx_hal_pwr.o
 .text.HAL_PWR_EnableSleepOnExit
                0x00000000       0x10 objdir/stm32f3xx_hal_pwr.o
 .text.HAL_PWR_DisableSleepOnExit
                0x00000000       0x10 objdir/stm32f3xx_hal_pwr.o
 .text.HAL_PWR_EnableSEVOnPend
                0x00000000       0x10 objdir/stm32f3xx_hal_pwr.o
 .text.HAL_PWR_DisableSEVOnPend
                0x00000000       0x10 objdir/stm32f3xx_hal_pwr.o
 .text          0x00000000        0x0 objdir/stm32f3xx_hal_pwr_ex.o
 .data          0x00000000        0x0 objdir/stm32f3xx_hal_pwr_ex.o
 .bss           0x00000000        0x0 objdir/stm32f3xx_hal_pwr_ex.o
 .text.HAL_PWR_ConfigPVD
                0x00000000       0x6c objdir/stm32f3xx_hal_pwr_ex.o
 .text.HAL_PWR_EnablePVD
                0x00000000       0x10 objdir/stm32f3xx_hal_pwr_ex.o
 .text.HAL_PWR_PVDCallback
                0x00000000        0x2 objdir/stm32f3xx_hal_pwr_ex.o
 .text.HAL_PWR_PVD_IRQHandler
                0x00000000       0x1c objdir/stm32f3xx_hal_pwr_ex.o
 .text          0x00000000       0x14 objdir/stm32f3_startup.o
 .data          0x00000000        0x0 objdir/stm32f3_startup.o
 .bss           0x00000000        0x0 objdir/stm32f3_startup.o
 .text          0x00000000        0x0 /usr/lib/gcc/arm-none-eabi/4.8/../../../arm-none-eabi/lib/armv7e-m/fpu/libg.a(lib_a-atexit.o)
 .data          0x00000000        0x0 /usr/lib/gcc/arm-none-eabi/4.8/../../../arm-none-eabi/lib/armv7e-m/fpu/libg.a(lib_a-atexit.o)
 .bss           0x00000000        0x0 /usr/lib/gcc/arm-none-eabi/4.8/../../../arm-none-eabi/lib/armv7e-m/fpu/libg.a(lib_a-atexit.o)
 .text          0x00000000        0x0 /usr/lib/gcc/arm-none-eabi/4.8/../../../arm-none-eabi/lib/armv7e-m/fpu/libg.a(lib_a-errno.o)
 .data          0x00000000        0x0 /usr/lib/gcc/arm-none-eabi/4.8/../../../arm-none-eabi/lib/armv7e-m/fpu/libg.a(lib_a-errno.o)
 .bss           0x00000000        0x0 /usr/lib/gcc/arm-none-eabi/4.8/../../../arm-none-eabi/lib/armv7e-m/fpu/libg.a(lib_a-errno.o)
 .text.__errno  0x00000000        0xc /usr/lib/gcc/arm-none-eabi/4.8/../../../arm-none-eabi/lib/armv7e-m/fpu/libg.a(lib_a-errno.o)
 .debug_info    0x00000000      0x889 /usr/lib/gcc/arm-none-eabi/4.8/../../../arm-none-eabi/lib/armv7e-m/fpu/libg.a(lib_a-errno.o)
 .debug_abbrev  0x00000000      0x18f /usr/lib/gcc/arm-none-eabi/4.8/../../../arm-none-eabi/lib/armv7e-m/fpu/libg.a(lib_a-errno.o)
 .debug_aranges
                0x00000000       0x20 /usr/lib/gcc/arm-none-eabi/4.8/../../../arm-none-eabi/lib/armv7e-m/fpu/libg.a(lib_a-errno.o)
 .debug_ranges  0x00000000       0x10 /usr/lib/gcc/arm-none-eabi/4.8/../../../arm-none-eabi/lib/armv7e-m/fpu/libg.a(lib_a-errno.o)
 .debug_line    0x00000000      0x106 /usr/lib/gcc/arm-none-eabi/4.8/../../../arm-none-eabi/lib/armv7e-m/fpu/libg.a(lib_a-errno.o)
 .debug_str     0x00000000      0x5a7 /usr/lib/gcc/arm-none-eabi/4.8/../../../arm-none-eabi/lib/armv7e-m/fpu/libg.a(lib_a-errno.o)
 .comment       0x00000000       0x20 /usr/lib/gcc/arm-none-eabi/4.8/../../../arm-none-eabi/lib/armv7e-m/fpu/libg.a(lib_a-errno.o)
 .ARM.attributes
                0x00000000       0x34 /usr/lib/gcc/arm-none-eabi/4.8/../../../arm-none-eabi/lib/armv7e-m/fpu/libg.a(lib_a-errno.o)
 .debug_frame   0x00000000       0x20 /usr/lib/gcc/arm-none-eabi/4.8/../../../arm-none-eabi/lib/armv7e-m/fpu/libg.a(lib_a-errno.o)
 .text          0x00000000        0x0 /usr/lib/gcc/arm-none-eabi/4.8/../../../arm-none-eabi/lib/armv7e-m/fpu/libg.a(lib_a-exit.o)
 .data          0x00000000        0x0 /usr/lib/gcc/arm-none-eabi/4.8/../../../arm-none-eabi/lib/armv7e-m/fpu/libg.a(lib_a-exit.o)
 .bss           0x00000000        0x0 /usr/lib/gcc/arm-none-eabi/4.8/../../../arm-none-eabi/lib/armv7e-m/fpu/libg.a(lib_a-exit.o)
 .text.exit     0x00000000       0x20 /usr/lib/gcc/arm-none-eabi/4.8/../../../arm-none-eabi/lib/armv7e-m/fpu/libg.a(lib_a-exit.o)
 .debug_info    0x00000000      0x8e4 /usr/lib/gcc/arm-none-eabi/4.8/../../../arm-none-eabi/lib/armv7e-m/fpu/libg.a(lib_a-exit.o)
 .debug_abbrev  0x00000000      0x1e6 /usr/lib/gcc/arm-none-eabi/4.8/../../../arm-none-eabi/lib/armv7e-m/fpu/libg.a(lib_a-exit.o)
 .debug_loc     0x00000000       0x1e /usr/lib/gcc/arm-none-eabi/4.8/../../../arm-none-eabi/lib/armv7e-m/fpu/libg.a(lib_a-exit.o)
 .debug_aranges
                0x00000000       0x20 /usr/lib/gcc/arm-none-eabi/4.8/../../../arm-none-eabi/lib/armv7e-m/fpu/libg.a(lib_a-exit.o)
 .debug_ranges  0x00000000       0x10 /usr/lib/gcc/arm-none-eabi/4.8/../../../arm-none-eabi/lib/armv7e-m/fpu/libg.a(lib_a-exit.o)
 .debug_line    0x00000000      0x168 /usr/lib/gcc/arm-none-eabi/4.8/../../../arm-none-eabi/lib/armv7e-m/fpu/libg.a(lib_a-exit.o)
 .debug_str     0x00000000      0x5c8 /usr/lib/gcc/arm-none-eabi/4.8/../../../arm-none-eabi/lib/armv7e-m/fpu/libg.a(lib_a-exit.o)
 .comment       0x00000000       0x20 /usr/lib/gcc/arm-none-eabi/4.8/../../../arm-none-eabi/lib/armv7e-m/fpu/libg.a(lib_a-exit.o)
 .ARM.attributes
                0x00000000       0x34 /usr/lib/gcc/arm-none-eabi/4.8/../../../arm-none-eabi/lib/armv7e-m/fpu/libg.a(lib_a-exit.o)
 .debug_frame   0x00000000       0x28 /usr/lib/gcc/arm-none-eabi/4.8/../../../arm-none-eabi/lib/armv7e-m/fpu/libg.a(lib_a-exit.o)
 .text          0x00000000        0x0 /usr/lib/gcc/arm-none-eabi/4.8/../../../arm-none-eabi/lib/armv7e-m/fpu/libg.a(lib_a-fini.o)
 .data          0x00000000        0x0 /usr/lib/gcc/arm-none-eabi/4.8/../../../arm-none-eabi/lib/armv7e-m/fpu/libg.a(lib_a-fini.o)
 .bss           0x00000000        0x0 /usr/lib/gcc/arm-none-eabi/4.8/../../../arm-none-eabi/lib/armv7e-m/fpu/libg.a(lib_a-fini.o)
 .text          0x00000000        0x0 /usr/lib/gcc/arm-none-eabi/4.8/../../../arm-none-eabi/lib/armv7e-m/fpu/libg.a(lib_a-impure.o)
 .data          0x00000000        0x0 /usr/lib/gcc/arm-none-eabi/4.8/../../../arm-none-eabi/lib/armv7e-m/fpu/libg.a(lib_a-impure.o)
 .bss           0x00000000        0x0 /usr/lib/gcc/arm-none-eabi/4.8/../../../arm-none-eabi/lib/armv7e-m/fpu/libg.a(lib_a-impure.o)
 .data._impure_ptr
                0x00000000        0x4 /usr/lib/gcc/arm-none-eabi/4.8/../../../arm-none-eabi/lib/armv7e-m/fpu/libg.a(lib_a-impure.o)
 .text          0x00000000        0x0 /usr/lib/gcc/arm-none-eabi/4.8/../../../arm-none-eabi/lib/armv7e-m/fpu/libg.a(lib_a-init.o)
 .data          0x00000000        0x0 /usr/lib/gcc/arm-none-eabi/4.8/../../../arm-none-eabi/lib/armv7e-m/fpu/libg.a(lib_a-init.o)
 .bss           0x00000000        0x0 /usr/lib/gcc/arm-none-eabi/4.8/../../../arm-none-eabi/lib/armv7e-m/fpu/libg.a(lib_a-init.o)
 .text          0x00000000        0x0 /usr/lib/gcc/arm-none-eabi/4.8/../../../arm-none-eabi/lib/armv7e-m/fpu/libg.a(lib_a-memset.o)
 .data          0x00000000        0x0 /usr/lib/gcc/arm-none-eabi/4.8/../../../arm-none-eabi/lib/armv7e-m/fpu/libg.a(lib_a-memset.o)
 .bss           0x00000000        0x0 /usr/lib/gcc/arm-none-eabi/4.8/../../../arm-none-eabi/lib/armv7e-m/fpu/libg.a(lib_a-memset.o)
 .text.memset   0x00000000       0x94 /usr/lib/gcc/arm-none-eabi/4.8/../../../arm-none-eabi/lib/armv7e-m/fpu/libg.a(lib_a-memset.o)
 .debug_info    0x00000000      0x117 /usr/lib/gcc/arm-none-eabi/4.8/../../../arm-none-eabi/lib/armv7e-m/fpu/libg.a(lib_a-memset.o)
 .debug_abbrev  0x00000000       0x9f /usr/lib/gcc/arm-none-eabi/4.8/../../../arm-none-eabi/lib/armv7e-m/fpu/libg.a(lib_a-memset.o)
 .debug_loc     0x00000000      0x18b /usr/lib/gcc/arm-none-eabi/4.8/../../../arm-none-eabi/lib/armv7e-m/fpu/libg.a(lib_a-memset.o)
 .debug_aranges
                0x00000000       0x20 /usr/lib/gcc/arm-none-eabi/4.8/../../../arm-none-eabi/lib/armv7e-m/fpu/libg.a(lib_a-memset.o)
 .debug_ranges  0x00000000       0x10 /usr/lib/gcc/arm-none-eabi/4.8/../../../arm-none-eabi/lib/armv7e-m/fpu/libg.a(lib_a-memset.o)
 .debug_line    0x00000000      0x11d /usr/lib/gcc/arm-none-eabi/4.8/../../../arm-none-eabi/lib/armv7e-m/fpu/libg.a(lib_a-memset.o)
 .debug_str     0x00000000      0x202 /usr/lib/gcc/arm-none-eabi/4.8/../../../arm-none-eabi/lib/armv7e-m/fpu/libg.a(lib_a-memset.o)
 .comment       0x00000000       0x20 /usr/lib/gcc/arm-none-eabi/4.8/../../../arm-none-eabi/lib/armv7e-m/fpu/libg.a(lib_a-memset.o)
 .ARM.attributes
                0x00000000       0x34 /usr/lib/gcc/arm-none-eabi/4.8/../../../arm-none-eabi/lib/armv7e-m/fpu/libg.a(lib_a-memset.o)
 .debug_frame   0x00000000       0x2c /usr/lib/gcc/arm-none-eabi/4.8/../../../arm-none-eabi/lib/armv7e-m/fpu/libg.a(lib_a-memset.o)
 .text          0x00000000        0x0 /usr/lib/gcc/arm-none-eabi/4.8/../../../arm-none-eabi/lib/armv7e-m/fpu/libg.a(lib_a-__atexit.o)
 .data          0x00000000        0x0 /usr/lib/gcc/arm-none-eabi/4.8/../../../arm-none-eabi/lib/armv7e-m/fpu/libg.a(lib_a-__atexit.o)
 .bss           0x00000000        0x0 /usr/lib/gcc/arm-none-eabi/4.8/../../../arm-none-eabi/lib/armv7e-m/fpu/libg.a(lib_a-__atexit.o)
 .text          0x00000000        0x0 /usr/lib/gcc/arm-none-eabi/4.8/../../../arm-none-eabi/lib/armv7e-m/fpu/libg.a(lib_a-__call_atexit.o)
 .data          0x00000000        0x0 /usr/lib/gcc/arm-none-eabi/4.8/../../../arm-none-eabi/lib/armv7e-m/fpu/libg.a(lib_a-__call_atexit.o)
 .bss           0x00000000        0x0 /usr/lib/gcc/arm-none-eabi/4.8/../../../arm-none-eabi/lib/armv7e-m/fpu/libg.a(lib_a-__call_atexit.o)
 .text.__call_exitprocs
                0x00000000       0xf8 /usr/lib/gcc/arm-none-eabi/4.8/../../../arm-none-eabi/lib/armv7e-m/fpu/libg.a(lib_a-__call_atexit.o)
 .text          0x00000000        0x0 /usr/lib/gcc/arm-none-eabi/4.8/armv7e-m/fpu/crtend.o
 .data          0x00000000        0x0 /usr/lib/gcc/arm-none-eabi/4.8/armv7e-m/fpu/crtend.o
 .bss           0x00000000        0x0 /usr/lib/gcc/arm-none-eabi/4.8/armv7e-m/fpu/crtend.o
 .eh_frame      0x00000000        0x4 /usr/lib/gcc/arm-none-eabi/4.8/armv7e-m/fpu/crtend.o
 .jcr           0x00000000        0x4 /usr/lib/gcc/arm-none-eabi/4.8/armv7e-m/fpu/crtend.o
 .text          0x00000000        0x0 /usr/lib/gcc/arm-none-eabi/4.8/armv7e-m/fpu/crtn.o
 .data          0x00000000        0x0 /usr/lib/gcc/arm-none-eabi/4.8/armv7e-m/fpu/crtn.o
 .bss           0x00000000        0x0 /usr/lib/gcc/arm-none-eabi/4.8/armv7e-m/fpu/crtn.o

Memory Configuration

Name             Origin             Length             Attributes
RAM              0x20000000         0x00003000         xrw
ROM              0x08000000         0x00010000         xr
*default*        0x00000000         0xffffffff

Linker script and memory map

LOAD /usr/lib/gcc/arm-none-eabi/4.8/armv7e-m/fpu/crti.o
LOAD /usr/lib/gcc/arm-none-eabi/4.8/armv7e-m/fpu/crtbegin.o
LOAD /usr/lib/gcc/arm-none-eabi/4.8/../../../arm-none-eabi/lib/armv7e-m/fpu/crt0.o
LOAD objdir/stm32_simple.o
LOAD objdir/stm32f3_hal.o
LOAD objdir/stm32f3_hal_lowlevel.o
LOAD objdir/stm32f3_sysmem.o
LOAD objdir/stm32f3xx_hal_pwr.o
LOAD objdir/stm32f3xx_hal_pwr_ex.o
LOAD objdir/stm32f3_startup.o
LOAD /usr/lib/gcc/arm-none-eabi/4.8/../../../arm-none-eabi/lib/armv7e-m/fpu/libm.a
LOAD /usr/lib/gcc/arm-none-eabi/4.8/../../../arm-none-eabi/lib/armv7e-m/fpu/libm.a
START GROUP
LOAD /usr/lib/gcc/arm-none-eabi/4.8/armv7e-m/fpu/libgcc.a
LOAD /usr/lib/gcc/arm-none-eabi/4.8/../../../arm-none-eabi/lib/armv7e-m/fpu/libg.a
LOAD /usr/lib/gcc/arm-none-eabi/4.8/../../../arm-none-eabi/lib/armv7e-m/fpu/libc.a
END GROUP
LOAD /usr/lib/gcc/arm-none-eabi/4.8/armv7e-m/fpu/crtend.o
LOAD /usr/lib/gcc/arm-none-eabi/4.8/armv7e-m/fpu/crtn.o
                0x20003000                _estack = 0x20003000
                0x00000000                _Min_Heap_Size = 0x0
                0x00000400                _Min_Stack_Size = 0x400

.isr_vector     0x08000000      0x188
                0x08000000                . = ALIGN (0x4)
 *(.isr_vector)
 .isr_vector    0x08000000      0x188 objdir/stm32f3_startup.o
                0x08000000                g_pfnVectors
                0x08000188                . = ALIGN (0x4)

.text           0x08000188      0xca4
                0x08000188                . = ALIGN (0x4)
 *(.text)
 .text          0x08000188       0xac /usr/lib/gcc/arm-none-eabi/4.8/armv7e-m/fpu/crtbegin.o
 *(.text*)
 .text.delay100ms
                0x08000234       0x2a objdir/stm32_simple.o
                0x08000234                delay100ms
 *fill*         0x0800025e        0x2 
 .text.glitch   0x08000260       0xcc objdir/stm32_simple.o
                0x08000260                glitch
 .text.startup_blink
                0x0800032c       0x48 objdir/stm32_simple.o
                0x0800032c                startup_blink
 .text.osc_setup
                0x08000374       0x30 objdir/stm32_simple.o
                0x08000374                osc_setup
 .text.power_setup
                0x080003a4       0x24 objdir/stm32_simple.o
                0x080003a4                power_setup
 .text.init_GPIOB
                0x080003c8       0x3c objdir/stm32_simple.o
                0x080003c8                init_GPIOB
 .text.enter_standby
                0x08000404        0xe objdir/stm32_simple.o
                0x08000404                enter_standby
 .text.startup.main
                0x08000412       0x1c objdir/stm32_simple.o
                0x08000412                main
 *fill*         0x0800042e        0x2 
 .text.HAL_GetTick
                0x08000430       0x10 objdir/stm32f3_hal_lowlevel.o
                0x08000430                HAL_GetTick
 .text.HAL_RCC_OscConfig
                0x08000440      0x4f4 objdir/stm32f3_hal_lowlevel.o
                0x08000440                HAL_RCC_OscConfig
 .text.HAL_RCC_ClockConfig
                0x08000934      0x154 objdir/stm32f3_hal_lowlevel.o
                0x08000934                HAL_RCC_ClockConfig
 .text.HAL_GPIO_Init
                0x08000a88      0x194 objdir/stm32f3_hal_lowlevel.o
                0x08000a88                HAL_GPIO_Init
 .text.HAL_GPIO_WritePin
                0x08000c1c        0xa objdir/stm32f3_hal_lowlevel.o
                0x08000c1c                HAL_GPIO_WritePin
 *fill*         0x08000c26        0x2 
 .text.HAL_PWR_EnableBkUpAccess
                0x08000c28       0x10 objdir/stm32f3xx_hal_pwr.o
                0x08000c28                HAL_PWR_EnableBkUpAccess
 .text.HAL_PWR_EnterSTANDBYMode
                0x08000c38       0x20 objdir/stm32f3xx_hal_pwr.o
                0x08000c38                HAL_PWR_EnterSTANDBYMode
 .text.HAL_PWR_DisablePVD
                0x08000c58       0x10 objdir/stm32f3xx_hal_pwr_ex.o
                0x08000c58                HAL_PWR_DisablePVD
 .text.Reset_Handler
                0x08000c68       0x48 objdir/stm32f3_startup.o
                0x08000c68                Reset_Handler
 .text.Default_Handler
                0x08000cb0        0x2 objdir/stm32f3_startup.o
                0x08000cb0                DebugMon_Handler
                0x08000cb0                HardFault_Handler
                0x08000cb0                SysTick_Handler
                0x08000cb0                PendSV_Handler
                0x08000cb0                NMI_Handler
                0x08000cb0                UsageFault_Handler
                0x08000cb0                Default_Handler
                0x08000cb0                MemManage_Handler
                0x08000cb0                SVC_Handler
                0x08000cb0                BusFault_Handler
 *fill*         0x08000cb2        0x2 
 .text.atexit   0x08000cb4        0xc /usr/lib/gcc/arm-none-eabi/4.8/../../../arm-none-eabi/lib/armv7e-m/fpu/libg.a(lib_a-atexit.o)
                0x08000cb4                atexit
 .text.__libc_fini_array
                0x08000cc0       0x34 /usr/lib/gcc/arm-none-eabi/4.8/../../../arm-none-eabi/lib/armv7e-m/fpu/libg.a(lib_a-fini.o)
                0x08000cc0                __libc_fini_array
 .text.__libc_init_array
                0x08000cf4       0x5c /usr/lib/gcc/arm-none-eabi/4.8/../../../arm-none-eabi/lib/armv7e-m/fpu/libg.a(lib_a-init.o)
                0x08000cf4                __libc_init_array
 .text.__register_exitproc
                0x08000d50       0xac /usr/lib/gcc/arm-none-eabi/4.8/../../../arm-none-eabi/lib/armv7e-m/fpu/libg.a(lib_a-__atexit.o)
                0x08000d50                __register_exitproc
 .text.startup.register_fini
                0x08000dfc       0x18 /usr/lib/gcc/arm-none-eabi/4.8/../../../arm-none-eabi/lib/armv7e-m/fpu/libg.a(lib_a-__call_atexit.o)
 *(.glue_7)
 .glue_7        0x08000e14        0x0 linker stubs
 *(.glue_7t)
 .glue_7t       0x08000e14        0x0 linker stubs
 *(.eh_frame)
 .eh_frame      0x08000e14        0x0 /usr/lib/gcc/arm-none-eabi/4.8/armv7e-m/fpu/crtbegin.o
 *(.init)
 .init          0x08000e14        0x4 /usr/lib/gcc/arm-none-eabi/4.8/armv7e-m/fpu/crti.o
                0x08000e14                _init
 .init          0x08000e18        0x8 /usr/lib/gcc/arm-none-eabi/4.8/armv7e-m/fpu/crtn.o
 *(.fini)
 .fini          0x08000e20        0x4 /usr/lib/gcc/arm-none-eabi/4.8/armv7e-m/fpu/crti.o
                0x08000e20                _fini
 .fini          0x08000e24        0x8 /usr/lib/gcc/arm-none-eabi/4.8/armv7e-m/fpu/crtn.o
                0x08000e2c                . = ALIGN (0x4)
                0x08000e2c                _etext = .

.vfp11_veneer   0x08000e2c        0x0
 .vfp11_veneer  0x08000e2c        0x0 linker stubs

.v4_bx          0x08000e2c        0x0
 .v4_bx         0x08000e2c        0x0 linker stubs

.iplt           0x08000e2c        0x0
 .iplt          0x08000e2c        0x0 /usr/lib/gcc/arm-none-eabi/4.8/armv7e-m/fpu/crtbegin.o

.rodata         0x08000e2c        0x8
                0x08000e2c                . = ALIGN (0x4)
 *(.rodata)
 *(.rodata*)
 .rodata.str1.4
                0x08000e2c        0x4 /usr/lib/gcc/arm-none-eabi/4.8/../../../arm-none-eabi/lib/armv7e-m/fpu/libg.a(lib_a-impure.o)
 .rodata._global_impure_ptr
                0x08000e30        0x4 /usr/lib/gcc/arm-none-eabi/4.8/../../../arm-none-eabi/lib/armv7e-m/fpu/libg.a(lib_a-impure.o)
                0x08000e30                _global_impure_ptr
                0x08000e34                . = ALIGN (0x4)

.rel.dyn        0x08000e34        0x0
 .rel.iplt      0x08000e34        0x0 /usr/lib/gcc/arm-none-eabi/4.8/armv7e-m/fpu/crtbegin.o

.ARM.extab      0x08000e34        0x0
                0x08000e34                . = ALIGN (0x4)
 *(.ARM.extab* .gnu.linkonce.armextab.*)
                0x08000e34                . = ALIGN (0x4)

.ARM            0x08000e34        0x0
                0x08000e34                . = ALIGN (0x4)
                0x08000e34                __exidx_start = .
 *(.ARM.exidx*)
                0x08000e34                __exidx_end = .
                0x08000e34                . = ALIGN (0x4)

.preinit_array  0x08000e34        0x0
                0x08000e34                . = ALIGN (0x4)
                0x08000e34                PROVIDE (__preinit_array_start, .)
 *(.preinit_array*)
                0x08000e34                PROVIDE (__preinit_array_end, .)
                0x08000e34                . = ALIGN (0x4)

.init_array     0x08000e34        0x8
                0x08000e34                . = ALIGN (0x4)
                0x08000e34                PROVIDE (__init_array_start, .)
 *(SORT(.init_array.*))
 .init_array.00000
                0x08000e34        0x4 /usr/lib/gcc/arm-none-eabi/4.8/../../../arm-none-eabi/lib/armv7e-m/fpu/libg.a(lib_a-__call_atexit.o)
 *(.init_array*)
 .init_array    0x08000e38        0x4 /usr/lib/gcc/arm-none-eabi/4.8/armv7e-m/fpu/crtbegin.o
                0x08000e3c                PROVIDE (__init_array_end, .)
                0x08000e3c                . = ALIGN (0x4)

.fini_array     0x08000e3c        0x4
                0x08000e3c                . = ALIGN (0x4)
                0x08000e3c                PROVIDE (__fini_array_start, .)
 *(SORT(.fini_array.*))
 *(.fini_array*)
 .fini_array    0x08000e3c        0x4 /usr/lib/gcc/arm-none-eabi/4.8/armv7e-m/fpu/crtbegin.o
                0x08000e40                PROVIDE (__fini_array_end, .)
                0x08000e40                . = ALIGN (0x4)
                0x08000e40                _sidata = LOADADDR (.data)

.data           0x20000000      0x428 load address 0x08000e40
                0x20000000                . = ALIGN (0x4)
                0x20000000                _sdata = .
 *(.data)
 *(.data*)
 .data.impure_data
                0x20000000      0x428 /usr/lib/gcc/arm-none-eabi/4.8/../../../arm-none-eabi/lib/armv7e-m/fpu/libg.a(lib_a-impure.o)
                0x20000428                . = ALIGN (0x4)
                0x20000428                _edata = .

.jcr            0x20000428        0x0 load address 0x08001268
 .jcr           0x20000428        0x0 /usr/lib/gcc/arm-none-eabi/4.8/armv7e-m/fpu/crtbegin.o

.tm_clone_table
                0x20000428        0x0 load address 0x08001268
 .tm_clone_table
                0x20000428        0x0 /usr/lib/gcc/arm-none-eabi/4.8/armv7e-m/fpu/crtbegin.o
 .tm_clone_table
                0x20000428        0x0 /usr/lib/gcc/arm-none-eabi/4.8/armv7e-m/fpu/crtend.o

.igot.plt       0x20000428        0x0 load address 0x08001268
 .igot.plt      0x20000428        0x0 /usr/lib/gcc/arm-none-eabi/4.8/armv7e-m/fpu/crtbegin.o
                0x20000428                . = ALIGN (0x4)

.bss            0x20000428       0x20 load address 0x08001268
                0x20000428                _sbss = .
                0x20000428                __bss_start__ = _sbss
 *(.bss)
 .bss           0x20000428       0x1c /usr/lib/gcc/arm-none-eabi/4.8/armv7e-m/fpu/crtbegin.o
 .bss           0x20000444        0x4 objdir/stm32f3_hal_lowlevel.o
 *(.bss*)
 *(COMMON)
                0x20000448                . = ALIGN (0x4)
                0x20000448                _ebss = .
                0x20000448                __bss_end__ = _ebss

._user_heap_stack
                0x20000448      0x400 load address 0x08001268
                0x20000448                . = ALIGN (0x8)
                0x20000448                PROVIDE (end, .)
                0x20000448                PROVIDE (_end, .)
                0x20000448                . = (. + _Min_Heap_Size)
                0x20000848                . = (. + _Min_Stack_Size)
 *fill*         0x20000448      0x400 
                0x20000848                . = ALIGN (0x8)

/DISCARD/
 libc.a(*)
 libm.a(*)
 libgcc.a(*)

.ARM.attributes
                0x00000000       0x30
 *(.ARM.attributes)
 .ARM.attributes
                0x00000000       0x22 /usr/lib/gcc/arm-none-eabi/4.8/armv7e-m/fpu/crti.o
 .ARM.attributes
                0x00000022       0x34 /usr/lib/gcc/arm-none-eabi/4.8/armv7e-m/fpu/crtbegin.o
 .ARM.attributes
                0x00000056       0x39 objdir/stm32_simple.o
 .ARM.attributes
                0x0000008f       0x39 objdir/stm32f3_hal_lowlevel.o
 .ARM.attributes
                0x000000c8       0x39 objdir/stm32f3xx_hal_pwr.o
 .ARM.attributes
                0x00000101       0x39 objdir/stm32f3xx_hal_pwr_ex.o
 .ARM.attributes
                0x0000013a       0x25 objdir/stm32f3_startup.o
 .ARM.attributes
                0x0000015f       0x34 /usr/lib/gcc/arm-none-eabi/4.8/../../../arm-none-eabi/lib/armv7e-m/fpu/libg.a(lib_a-atexit.o)
 .ARM.attributes
                0x00000193       0x34 /usr/lib/gcc/arm-none-eabi/4.8/../../../arm-none-eabi/lib/armv7e-m/fpu/libg.a(lib_a-fini.o)
 .ARM.attributes
                0x000001c7       0x34 /usr/lib/gcc/arm-none-eabi/4.8/../../../arm-none-eabi/lib/armv7e-m/fpu/libg.a(lib_a-impure.o)
 .ARM.attributes
                0x000001fb       0x34 /usr/lib/gcc/arm-none-eabi/4.8/../../../arm-none-eabi/lib/armv7e-m/fpu/libg.a(lib_a-init.o)
 .ARM.attributes
                0x0000022f       0x34 /usr/lib/gcc/arm-none-eabi/4.8/../../../arm-none-eabi/lib/armv7e-m/fpu/libg.a(lib_a-__atexit.o)
 .ARM.attributes
                0x00000263       0x34 /usr/lib/gcc/arm-none-eabi/4.8/../../../arm-none-eabi/lib/armv7e-m/fpu/libg.a(lib_a-__call_atexit.o)
 .ARM.attributes
                0x00000297       0x34 /usr/lib/gcc/arm-none-eabi/4.8/armv7e-m/fpu/crtend.o
 .ARM.attributes
                0x000002cb       0x22 /usr/lib/gcc/arm-none-eabi/4.8/armv7e-m/fpu/crtn.o
OUTPUT(stm32_simple-CW308_STM32F3.elf elf32-littlearm)

.comment        0x00000000       0x3f
 .comment       0x00000000       0x20 /usr/lib/gcc/arm-none-eabi/4.8/armv7e-m/fpu/crtbegin.o
                                 0x21 (size before relaxing)
 .comment       0x00000020       0x21 objdir/stm32_simple.o
 .comment       0x00000020       0x21 objdir/stm32f3_hal_lowlevel.o
 .comment       0x00000020       0x21 objdir/stm32f3xx_hal_pwr.o
 .comment       0x00000020       0x21 objdir/stm32f3xx_hal_pwr_ex.o
 .comment       0x00000020       0x1f /usr/lib/gcc/arm-none-eabi/4.8/../../../arm-none-eabi/lib/armv7e-m/fpu/libg.a(lib_a-atexit.o)
                                 0x20 (size before relaxing)
 .comment       0x0000003f       0x20 /usr/lib/gcc/arm-none-eabi/4.8/../../../arm-none-eabi/lib/armv7e-m/fpu/libg.a(lib_a-fini.o)
 .comment       0x0000003f       0x20 /usr/lib/gcc/arm-none-eabi/4.8/../../../arm-none-eabi/lib/armv7e-m/fpu/libg.a(lib_a-impure.o)
 .comment       0x0000003f       0x20 /usr/lib/gcc/arm-none-eabi/4.8/../../../arm-none-eabi/lib/armv7e-m/fpu/libg.a(lib_a-init.o)
 .comment       0x0000003f       0x20 /usr/lib/gcc/arm-none-eabi/4.8/../../../arm-none-eabi/lib/armv7e-m/fpu/libg.a(lib_a-__atexit.o)
 .comment       0x0000003f       0x20 /usr/lib/gcc/arm-none-eabi/4.8/../../../arm-none-eabi/lib/armv7e-m/fpu/libg.a(lib_a-__call_atexit.o)
 .comment       0x0000003f       0x21 /usr/lib/gcc/arm-none-eabi/4.8/armv7e-m/fpu/crtend.o

.debug_info     0x00000000     0x4d06
 .debug_info    0x00000000      0x8af objdir/stm32_simple.o
 .debug_info    0x000008af     0x1d61 objdir/stm32f3_hal_lowlevel.o
 .debug_info    0x00002610      0x5d3 objdir/stm32f3xx_hal_pwr.o
 .debug_info    0x00002be3      0x2b3 objdir/stm32f3xx_hal_pwr_ex.o
 .debug_info    0x00002e96      0x10a /usr/lib/gcc/arm-none-eabi/4.8/../../../arm-none-eabi/lib/armv7e-m/fpu/libg.a(lib_a-atexit.o)
 .debug_info    0x00002fa0       0xef /usr/lib/gcc/arm-none-eabi/4.8/../../../arm-none-eabi/lib/armv7e-m/fpu/libg.a(lib_a-fini.o)
 .debug_info    0x0000308f      0x894 /usr/lib/gcc/arm-none-eabi/4.8/../../../arm-none-eabi/lib/armv7e-m/fpu/libg.a(lib_a-impure.o)
 .debug_info    0x00003923      0x105 /usr/lib/gcc/arm-none-eabi/4.8/../../../arm-none-eabi/lib/armv7e-m/fpu/libg.a(lib_a-init.o)
 .debug_info    0x00003a28      0x934 /usr/lib/gcc/arm-none-eabi/4.8/../../../arm-none-eabi/lib/armv7e-m/fpu/libg.a(lib_a-__atexit.o)
 .debug_info    0x0000435c      0x9aa /usr/lib/gcc/arm-none-eabi/4.8/../../../arm-none-eabi/lib/armv7e-m/fpu/libg.a(lib_a-__call_atexit.o)

.debug_abbrev   0x00000000     0x1008
 .debug_abbrev  0x00000000      0x208 objdir/stm32_simple.o
 .debug_abbrev  0x00000208      0x353 objdir/stm32f3_hal_lowlevel.o
 .debug_abbrev  0x0000055b      0x137 objdir/stm32f3xx_hal_pwr.o
 .debug_abbrev  0x00000692      0x133 objdir/stm32f3xx_hal_pwr_ex.o
 .debug_abbrev  0x000007c5       0xb8 /usr/lib/gcc/arm-none-eabi/4.8/../../../arm-none-eabi/lib/armv7e-m/fpu/libg.a(lib_a-atexit.o)
 .debug_abbrev  0x0000087d       0xbd /usr/lib/gcc/arm-none-eabi/4.8/../../../arm-none-eabi/lib/armv7e-m/fpu/libg.a(lib_a-fini.o)
 .debug_abbrev  0x0000093a      0x180 /usr/lib/gcc/arm-none-eabi/4.8/../../../arm-none-eabi/lib/armv7e-m/fpu/libg.a(lib_a-impure.o)
 .debug_abbrev  0x00000aba       0xba /usr/lib/gcc/arm-none-eabi/4.8/../../../arm-none-eabi/lib/armv7e-m/fpu/libg.a(lib_a-init.o)
 .debug_abbrev  0x00000b74      0x20f /usr/lib/gcc/arm-none-eabi/4.8/../../../arm-none-eabi/lib/armv7e-m/fpu/libg.a(lib_a-__atexit.o)
 .debug_abbrev  0x00000d83      0x285 /usr/lib/gcc/arm-none-eabi/4.8/../../../arm-none-eabi/lib/armv7e-m/fpu/libg.a(lib_a-__call_atexit.o)

.debug_loc      0x00000000     0x175d
 .debug_loc     0x00000000      0x10d objdir/stm32_simple.o
 .debug_loc     0x0000010d     0x11aa objdir/stm32f3_hal_lowlevel.o
 .debug_loc     0x000012b7       0x8d objdir/stm32f3xx_hal_pwr.o
 .debug_loc     0x00001344       0x41 objdir/stm32f3xx_hal_pwr_ex.o
 .debug_loc     0x00001385       0x2c /usr/lib/gcc/arm-none-eabi/4.8/../../../arm-none-eabi/lib/armv7e-m/fpu/libg.a(lib_a-atexit.o)
 .debug_loc     0x000013b1       0x5c /usr/lib/gcc/arm-none-eabi/4.8/../../../arm-none-eabi/lib/armv7e-m/fpu/libg.a(lib_a-fini.o)
 .debug_loc     0x0000140d       0xae /usr/lib/gcc/arm-none-eabi/4.8/../../../arm-none-eabi/lib/armv7e-m/fpu/libg.a(lib_a-init.o)
 .debug_loc     0x000014bb      0x14d /usr/lib/gcc/arm-none-eabi/4.8/../../../arm-none-eabi/lib/armv7e-m/fpu/libg.a(lib_a-__atexit.o)
 .debug_loc     0x00001608      0x155 /usr/lib/gcc/arm-none-eabi/4.8/../../../arm-none-eabi/lib/armv7e-m/fpu/libg.a(lib_a-__call_atexit.o)

.debug_aranges  0x00000000      0x260
 .debug_aranges
                0x00000000       0x58 objdir/stm32_simple.o
 .debug_aranges
                0x00000058       0x90 objdir/stm32f3_hal_lowlevel.o
 .debug_aranges
                0x000000e8       0x78 objdir/stm32f3xx_hal_pwr.o
 .debug_aranges
                0x00000160       0x40 objdir/stm32f3xx_hal_pwr_ex.o
 .debug_aranges
                0x000001a0       0x20 /usr/lib/gcc/arm-none-eabi/4.8/../../../arm-none-eabi/lib/armv7e-m/fpu/libg.a(lib_a-atexit.o)
 .debug_aranges
                0x000001c0       0x20 /usr/lib/gcc/arm-none-eabi/4.8/../../../arm-none-eabi/lib/armv7e-m/fpu/libg.a(lib_a-fini.o)
 .debug_aranges
                0x000001e0       0x18 /usr/lib/gcc/arm-none-eabi/4.8/../../../arm-none-eabi/lib/armv7e-m/fpu/libg.a(lib_a-impure.o)
 .debug_aranges
                0x000001f8       0x20 /usr/lib/gcc/arm-none-eabi/4.8/../../../arm-none-eabi/lib/armv7e-m/fpu/libg.a(lib_a-init.o)
 .debug_aranges
                0x00000218       0x20 /usr/lib/gcc/arm-none-eabi/4.8/../../../arm-none-eabi/lib/armv7e-m/fpu/libg.a(lib_a-__atexit.o)
 .debug_aranges
                0x00000238       0x28 /usr/lib/gcc/arm-none-eabi/4.8/../../../arm-none-eabi/lib/armv7e-m/fpu/libg.a(lib_a-__call_atexit.o)

.debug_ranges   0x00000000      0x2e0
 .debug_ranges  0x00000000       0x78 objdir/stm32_simple.o
 .debug_ranges  0x00000078      0x158 objdir/stm32f3_hal_lowlevel.o
 .debug_ranges  0x000001d0       0x68 objdir/stm32f3xx_hal_pwr.o
 .debug_ranges  0x00000238       0x30 objdir/stm32f3xx_hal_pwr_ex.o
 .debug_ranges  0x00000268       0x10 /usr/lib/gcc/arm-none-eabi/4.8/../../../arm-none-eabi/lib/armv7e-m/fpu/libg.a(lib_a-atexit.o)
 .debug_ranges  0x00000278       0x10 /usr/lib/gcc/arm-none-eabi/4.8/../../../arm-none-eabi/lib/armv7e-m/fpu/libg.a(lib_a-fini.o)
 .debug_ranges  0x00000288       0x10 /usr/lib/gcc/arm-none-eabi/4.8/../../../arm-none-eabi/lib/armv7e-m/fpu/libg.a(lib_a-init.o)
 .debug_ranges  0x00000298       0x10 /usr/lib/gcc/arm-none-eabi/4.8/../../../arm-none-eabi/lib/armv7e-m/fpu/libg.a(lib_a-__atexit.o)
 .debug_ranges  0x000002a8       0x38 /usr/lib/gcc/arm-none-eabi/4.8/../../../arm-none-eabi/lib/armv7e-m/fpu/libg.a(lib_a-__call_atexit.o)

.debug_line     0x00000000     0x14a1
 .debug_line    0x00000000      0x2b1 objdir/stm32_simple.o
 .debug_line    0x000002b1      0x836 objdir/stm32f3_hal_lowlevel.o
 .debug_line    0x00000ae7      0x1f6 objdir/stm32f3xx_hal_pwr.o
 .debug_line    0x00000cdd      0x17c objdir/stm32f3xx_hal_pwr_ex.o
 .debug_line    0x00000e59       0xbd /usr/lib/gcc/arm-none-eabi/4.8/../../../arm-none-eabi/lib/armv7e-m/fpu/libg.a(lib_a-atexit.o)
 .debug_line    0x00000f16       0x9d /usr/lib/gcc/arm-none-eabi/4.8/../../../arm-none-eabi/lib/armv7e-m/fpu/libg.a(lib_a-fini.o)
 .debug_line    0x00000fb3       0xeb /usr/lib/gcc/arm-none-eabi/4.8/../../../arm-none-eabi/lib/armv7e-m/fpu/libg.a(lib_a-impure.o)
 .debug_line    0x0000109e       0xb6 /usr/lib/gcc/arm-none-eabi/4.8/../../../arm-none-eabi/lib/armv7e-m/fpu/libg.a(lib_a-init.o)
 .debug_line    0x00001154      0x189 /usr/lib/gcc/arm-none-eabi/4.8/../../../arm-none-eabi/lib/armv7e-m/fpu/libg.a(lib_a-__atexit.o)
 .debug_line    0x000012dd      0x1c4 /usr/lib/gcc/arm-none-eabi/4.8/../../../arm-none-eabi/lib/armv7e-m/fpu/libg.a(lib_a-__call_atexit.o)

.debug_str      0x00000000     0x1666
 .debug_str     0x00000000      0x4b9 objdir/stm32_simple.o
                                0x51f (size before relaxing)
 .debug_str     0x000004b9      0x77f objdir/stm32f3_hal_lowlevel.o
                                0xc0e (size before relaxing)
 .debug_str     0x00000c38      0x1a2 objdir/stm32f3xx_hal_pwr.o
                                0x3fc (size before relaxing)
 .debug_str     0x00000dda       0x9a objdir/stm32f3xx_hal_pwr_ex.o
                                0x2b8 (size before relaxing)
 .debug_str     0x00000e74      0x192 /usr/lib/gcc/arm-none-eabi/4.8/../../../arm-none-eabi/lib/armv7e-m/fpu/libg.a(lib_a-atexit.o)
                                0x22b (size before relaxing)
 .debug_str     0x00001006       0xcb /usr/lib/gcc/arm-none-eabi/4.8/../../../arm-none-eabi/lib/armv7e-m/fpu/libg.a(lib_a-fini.o)
                                0x223 (size before relaxing)
 .debug_str     0x000010d1      0x446 /usr/lib/gcc/arm-none-eabi/4.8/../../../arm-none-eabi/lib/armv7e-m/fpu/libg.a(lib_a-impure.o)
                                0x5bf (size before relaxing)
 .debug_str     0x00001517       0x93 /usr/lib/gcc/arm-none-eabi/4.8/../../../arm-none-eabi/lib/armv7e-m/fpu/libg.a(lib_a-init.o)
                                0x24d (size before relaxing)
 .debug_str     0x000015aa       0x33 /usr/lib/gcc/arm-none-eabi/4.8/../../../arm-none-eabi/lib/armv7e-m/fpu/libg.a(lib_a-__atexit.o)
                                0x607 (size before relaxing)
 .debug_str     0x000015dd       0x89 /usr/lib/gcc/arm-none-eabi/4.8/../../../arm-none-eabi/lib/armv7e-m/fpu/libg.a(lib_a-__call_atexit.o)
                                0x61f (size before relaxing)

.debug_frame    0x00000000      0x514
 .debug_frame   0x00000000      0x110 objdir/stm32_simple.o
 .debug_frame   0x00000110      0x1d8 objdir/stm32f3_hal_lowlevel.o
 .debug_frame   0x000002e8       0xd0 objdir/stm32f3xx_hal_pwr.o
 .debug_frame   0x000003b8       0x6c objdir/stm32f3xx_hal_pwr_ex.o
 .debug_frame   0x00000424       0x20 /usr/lib/gcc/arm-none-eabi/4.8/../../../arm-none-eabi/lib/armv7e-m/fpu/libg.a(lib_a-atexit.o)
 .debug_frame   0x00000444       0x2c /usr/lib/gcc/arm-none-eabi/4.8/../../../arm-none-eabi/lib/armv7e-m/fpu/libg.a(lib_a-fini.o)
 .debug_frame   0x00000470       0x2c /usr/lib/gcc/arm-none-eabi/4.8/../../../arm-none-eabi/lib/armv7e-m/fpu/libg.a(lib_a-init.o)
 .debug_frame   0x0000049c       0x30 /usr/lib/gcc/arm-none-eabi/4.8/../../../arm-none-eabi/lib/armv7e-m/fpu/libg.a(lib_a-__atexit.o)
 .debug_frame   0x000004cc       0x48 /usr/lib/gcc/arm-none-eabi/4.8/../../../arm-none-eabi/lib/armv7e-m/fpu/libg.a(lib_a-__call_atexit.o)

.stab           0x00000000      0x144
 .stab          0x00000000      0x144 objdir/stm32f3_startup.o

.stabstr        0x00000000       0x34
 .stabstr       0x00000000       0x34 objdir/stm32f3_startup.o

Cross Reference Table

Symbol                                            File
BusFault_Handler                                  objdir/stm32f3_startup.o
DebugMon_Handler                                  objdir/stm32f3_startup.o
Default_Handler                                   objdir/stm32f3_startup.o
HAL_GPIO_Init                                     objdir/stm32f3_hal_lowlevel.o
                                                  objdir/stm32f3_hal.o
                                                  objdir/stm32_simple.o
HAL_GPIO_TogglePin                                objdir/stm32f3_hal_lowlevel.o
HAL_GPIO_WritePin                                 objdir/stm32f3_hal_lowlevel.o
                                                  objdir/stm32f3_hal.o
                                                  objdir/stm32_simple.o
HAL_GetTick                                       objdir/stm32f3_hal_lowlevel.o
HAL_PWR_ConfigPVD                                 objdir/stm32f3xx_hal_pwr_ex.o
HAL_PWR_DeInit                                    objdir/stm32f3xx_hal_pwr.o
HAL_PWR_DisableBkUpAccess                         objdir/stm32f3xx_hal_pwr.o
HAL_PWR_DisablePVD                                objdir/stm32f3xx_hal_pwr_ex.o
                                                  objdir/stm32_simple.o
HAL_PWR_DisableSEVOnPend                          objdir/stm32f3xx_hal_pwr.o
HAL_PWR_DisableSleepOnExit                        objdir/stm32f3xx_hal_pwr.o
HAL_PWR_DisableWakeUpPin                          objdir/stm32f3xx_hal_pwr.o
HAL_PWR_EnableBkUpAccess                          objdir/stm32f3xx_hal_pwr.o
                                                  objdir/stm32_simple.o
HAL_PWR_EnablePVD                                 objdir/stm32f3xx_hal_pwr_ex.o
HAL_PWR_EnableSEVOnPend                           objdir/stm32f3xx_hal_pwr.o
HAL_PWR_EnableSleepOnExit                         objdir/stm32f3xx_hal_pwr.o
HAL_PWR_EnableWakeUpPin                           objdir/stm32f3xx_hal_pwr.o
HAL_PWR_EnterSLEEPMode                            objdir/stm32f3xx_hal_pwr.o
HAL_PWR_EnterSTANDBYMode                          objdir/stm32f3xx_hal_pwr.o
                                                  objdir/stm32_simple.o
HAL_PWR_EnterSTOPMode                             objdir/stm32f3xx_hal_pwr.o
HAL_PWR_PVDCallback                               objdir/stm32f3xx_hal_pwr_ex.o
HAL_PWR_PVD_IRQHandler                            objdir/stm32f3xx_hal_pwr_ex.o
HAL_RCC_ClockConfig                               objdir/stm32f3_hal_lowlevel.o
                                                  objdir/stm32f3_hal.o
                                                  objdir/stm32_simple.o
HAL_RCC_GetPCLK1Freq                              objdir/stm32f3_hal_lowlevel.o
HAL_RCC_GetPCLK2Freq                              objdir/stm32f3_hal_lowlevel.o
HAL_RCC_GetSysClockFreq                           objdir/stm32f3_hal_lowlevel.o
HAL_RCC_OscConfig                                 objdir/stm32f3_hal_lowlevel.o
                                                  objdir/stm32f3_hal.o
                                                  objdir/stm32_simple.o
HAL_UART_Init                                     objdir/stm32f3_hal_lowlevel.o
                                                  objdir/stm32f3_hal.o
HAL_UART_Receive                                  objdir/stm32f3_hal_lowlevel.o
                                                  objdir/stm32f3_hal.o
HAL_UART_Transmit                                 objdir/stm32f3_hal_lowlevel.o
                                                  objdir/stm32f3_hal.o
HardFault_Handler                                 objdir/stm32f3_startup.o
MemManage_Handler                                 objdir/stm32f3_startup.o
NMI_Handler                                       objdir/stm32f3_startup.o
PendSV_Handler                                    objdir/stm32f3_startup.o
Reset_Handler                                     objdir/stm32f3_startup.o
SVC_Handler                                       objdir/stm32f3_startup.o
SysTick_Handler                                   objdir/stm32f3_startup.o
SystemInit                                        objdir/stm32f3_startup.o
UART_CheckIdleState                               objdir/stm32f3_hal_lowlevel.o
UART_SetConfig                                    objdir/stm32f3_hal_lowlevel.o
UART_WaitOnFlagUntilTimeout                       objdir/stm32f3_hal_lowlevel.o
UartHandle                                        objdir/stm32f3_hal.o
UsageFault_Handler                                objdir/stm32f3_startup.o
_ITM_deregisterTMCloneTable                       /usr/lib/gcc/arm-none-eabi/4.8/armv7e-m/fpu/crtbegin.o
_ITM_registerTMCloneTable                         /usr/lib/gcc/arm-none-eabi/4.8/armv7e-m/fpu/crtbegin.o
_Jv_RegisterClasses                               /usr/lib/gcc/arm-none-eabi/4.8/armv7e-m/fpu/crtbegin.o
__TMC_END__                                       /usr/lib/gcc/arm-none-eabi/4.8/armv7e-m/fpu/crtend.o
                                                  /usr/lib/gcc/arm-none-eabi/4.8/armv7e-m/fpu/crtbegin.o
__bss_end__                                       /usr/lib/gcc/arm-none-eabi/4.8/../../../arm-none-eabi/lib/armv7e-m/fpu/crt0.o
__bss_start__                                     /usr/lib/gcc/arm-none-eabi/4.8/../../../arm-none-eabi/lib/armv7e-m/fpu/crt0.o
__call_exitprocs                                  /usr/lib/gcc/arm-none-eabi/4.8/../../../arm-none-eabi/lib/armv7e-m/fpu/libg.a(lib_a-__call_atexit.o)
                                                  /usr/lib/gcc/arm-none-eabi/4.8/../../../arm-none-eabi/lib/armv7e-m/fpu/libg.a(lib_a-exit.o)
__deregister_frame_info                           /usr/lib/gcc/arm-none-eabi/4.8/armv7e-m/fpu/crtbegin.o
__dso_handle                                      /usr/lib/gcc/arm-none-eabi/4.8/armv7e-m/fpu/crtbegin.o
__errno                                           /usr/lib/gcc/arm-none-eabi/4.8/../../../arm-none-eabi/lib/armv7e-m/fpu/libg.a(lib_a-errno.o)
                                                  objdir/stm32f3_sysmem.o
__fini_array_end                                  /usr/lib/gcc/arm-none-eabi/4.8/../../../arm-none-eabi/lib/armv7e-m/fpu/libg.a(lib_a-fini.o)
__fini_array_start                                /usr/lib/gcc/arm-none-eabi/4.8/../../../arm-none-eabi/lib/armv7e-m/fpu/libg.a(lib_a-fini.o)
__init_array_end                                  /usr/lib/gcc/arm-none-eabi/4.8/../../../arm-none-eabi/lib/armv7e-m/fpu/libg.a(lib_a-init.o)
__init_array_start                                /usr/lib/gcc/arm-none-eabi/4.8/../../../arm-none-eabi/lib/armv7e-m/fpu/libg.a(lib_a-init.o)
__libc_fini                                       /usr/lib/gcc/arm-none-eabi/4.8/../../../arm-none-eabi/lib/armv7e-m/fpu/libg.a(lib_a-__call_atexit.o)
__libc_fini_array                                 /usr/lib/gcc/arm-none-eabi/4.8/../../../arm-none-eabi/lib/armv7e-m/fpu/libg.a(lib_a-fini.o)
                                                  /usr/lib/gcc/arm-none-eabi/4.8/../../../arm-none-eabi/lib/armv7e-m/fpu/libg.a(lib_a-__call_atexit.o)
                                                  /usr/lib/gcc/arm-none-eabi/4.8/../../../arm-none-eabi/lib/armv7e-m/fpu/crt0.o
__libc_init_array                                 /usr/lib/gcc/arm-none-eabi/4.8/../../../arm-none-eabi/lib/armv7e-m/fpu/libg.a(lib_a-init.o)
                                                  objdir/stm32f3_startup.o
                                                  /usr/lib/gcc/arm-none-eabi/4.8/../../../arm-none-eabi/lib/armv7e-m/fpu/crt0.o
__preinit_array_end                               /usr/lib/gcc/arm-none-eabi/4.8/../../../arm-none-eabi/lib/armv7e-m/fpu/libg.a(lib_a-init.o)
__preinit_array_start                             /usr/lib/gcc/arm-none-eabi/4.8/../../../arm-none-eabi/lib/armv7e-m/fpu/libg.a(lib_a-init.o)
__register_exitproc                               /usr/lib/gcc/arm-none-eabi/4.8/../../../arm-none-eabi/lib/armv7e-m/fpu/libg.a(lib_a-__atexit.o)
                                                  /usr/lib/gcc/arm-none-eabi/4.8/../../../arm-none-eabi/lib/armv7e-m/fpu/libg.a(lib_a-atexit.o)
__register_frame_info                             /usr/lib/gcc/arm-none-eabi/4.8/armv7e-m/fpu/crtbegin.o
__stack                                           /usr/lib/gcc/arm-none-eabi/4.8/../../../arm-none-eabi/lib/armv7e-m/fpu/crt0.o
_ebss                                             objdir/stm32f3_startup.o
_edata                                            objdir/stm32f3_startup.o
_estack                                           objdir/stm32f3_startup.o
_exit                                             /usr/lib/gcc/arm-none-eabi/4.8/../../../arm-none-eabi/lib/armv7e-m/fpu/libg.a(lib_a-exit.o)
_fini                                             /usr/lib/gcc/arm-none-eabi/4.8/armv7e-m/fpu/crti.o
                                                  /usr/lib/gcc/arm-none-eabi/4.8/../../../arm-none-eabi/lib/armv7e-m/fpu/libg.a(lib_a-fini.o)
_global_impure_ptr                                /usr/lib/gcc/arm-none-eabi/4.8/../../../arm-none-eabi/lib/armv7e-m/fpu/libg.a(lib_a-impure.o)
                                                  /usr/lib/gcc/arm-none-eabi/4.8/../../../arm-none-eabi/lib/armv7e-m/fpu/libg.a(lib_a-__call_atexit.o)
                                                  /usr/lib/gcc/arm-none-eabi/4.8/../../../arm-none-eabi/lib/armv7e-m/fpu/libg.a(lib_a-__atexit.o)
                                                  /usr/lib/gcc/arm-none-eabi/4.8/../../../arm-none-eabi/lib/armv7e-m/fpu/libg.a(lib_a-exit.o)
_impure_ptr                                       /usr/lib/gcc/arm-none-eabi/4.8/../../../arm-none-eabi/lib/armv7e-m/fpu/libg.a(lib_a-impure.o)
                                                  /usr/lib/gcc/arm-none-eabi/4.8/../../../arm-none-eabi/lib/armv7e-m/fpu/libg.a(lib_a-errno.o)
_init                                             /usr/lib/gcc/arm-none-eabi/4.8/armv7e-m/fpu/crti.o
                                                  /usr/lib/gcc/arm-none-eabi/4.8/../../../arm-none-eabi/lib/armv7e-m/fpu/libg.a(lib_a-init.o)
_mainCRTStartup                                   /usr/lib/gcc/arm-none-eabi/4.8/../../../arm-none-eabi/lib/armv7e-m/fpu/crt0.o
_sbrk                                             objdir/stm32f3_sysmem.o
_sbss                                             objdir/stm32f3_startup.o
_sdata                                            objdir/stm32f3_startup.o
_sidata                                           objdir/stm32f3_startup.o
_start                                            /usr/lib/gcc/arm-none-eabi/4.8/../../../arm-none-eabi/lib/armv7e-m/fpu/crt0.o
atexit                                            /usr/lib/gcc/arm-none-eabi/4.8/../../../arm-none-eabi/lib/armv7e-m/fpu/libg.a(lib_a-atexit.o)
                                                  /usr/lib/gcc/arm-none-eabi/4.8/../../../arm-none-eabi/lib/armv7e-m/fpu/libg.a(lib_a-__call_atexit.o)
                                                  /usr/lib/gcc/arm-none-eabi/4.8/../../../arm-none-eabi/lib/armv7e-m/fpu/crt0.o
delay100ms                                        objdir/stm32_simple.o
end                                               objdir/stm32f3_sysmem.o
enter_standby                                     objdir/stm32_simple.o
exit                                              /usr/lib/gcc/arm-none-eabi/4.8/../../../arm-none-eabi/lib/armv7e-m/fpu/libg.a(lib_a-exit.o)
                                                  /usr/lib/gcc/arm-none-eabi/4.8/../../../arm-none-eabi/lib/armv7e-m/fpu/crt0.o
free                                              /usr/lib/gcc/arm-none-eabi/4.8/../../../arm-none-eabi/lib/armv7e-m/fpu/libg.a(lib_a-__call_atexit.o)
g_pfnVectors                                      objdir/stm32f3_startup.o
getch                                             objdir/stm32f3_hal.o
glitch                                            objdir/stm32_simple.o
glitched                                          objdir/stm32_simple.o
hardware_init_hook                                /usr/lib/gcc/arm-none-eabi/4.8/../../../arm-none-eabi/lib/armv7e-m/fpu/crt0.o
init_GPIOB                                        objdir/stm32_simple.o
init_uart                                         objdir/stm32f3_hal.o
main                                              objdir/stm32_simple.o
                                                  objdir/stm32f3_startup.o
                                                  /usr/lib/gcc/arm-none-eabi/4.8/../../../arm-none-eabi/lib/armv7e-m/fpu/crt0.o
malloc                                            /usr/lib/gcc/arm-none-eabi/4.8/../../../arm-none-eabi/lib/armv7e-m/fpu/libg.a(lib_a-__atexit.o)
memset                                            /usr/lib/gcc/arm-none-eabi/4.8/../../../arm-none-eabi/lib/armv7e-m/fpu/libg.a(lib_a-memset.o)
                                                  /usr/lib/gcc/arm-none-eabi/4.8/../../../arm-none-eabi/lib/armv7e-m/fpu/crt0.o
osc_setup                                         objdir/stm32_simple.o
platform_init                                     objdir/stm32f3_hal.o
power_setup                                       objdir/stm32_simple.o
putch                                             objdir/stm32f3_hal.o
software_init_hook                                /usr/lib/gcc/arm-none-eabi/4.8/../../../arm-none-eabi/lib/armv7e-m/fpu/crt0.o
startup_blink                                     objdir/stm32_simple.o
trigger_high                                      objdir/stm32f3_hal.o
trigger_low                                       objdir/stm32f3_hal.o
trigger_setup                                     objdir/stm32f3_hal.o
